
     ######################################################################
   ##########################################################################
  ###                                                                      ###
 ###            Tinker  ---  Software Tools for Molecular Design            ###
 ##                                                                          ##
 ##                          Version 8.7  June 2019                          ##
 ##                                                                          ##
 ##               Copyright (c)  Jay William Ponder  1990-2019               ##
 ###                           All Rights Reserved                          ###
  ###                                                                      ###
   ##########################################################################
     ######################################################################


 ################################################################
 Joint Amber-CHARMM Benchmark on Dihydrofolate Reductase in Water
 23558 Atoms, 62.23 Ang Cube, 9 Ang Nonbond Cutoffs, 64x64x64 PME
 ################################################################

 Particle Mesh Ewald Parameters :

     Type                Ewald Alpha    Grid Dimensions    Spline Order

   Electrostatics           0.5698        64   64   64           5
   Polarization             0.5698        64   64   64           5

 Molecular Dynamics Trajectory via Modified Beeman Algorithm

 Random Number Generator Initialized with SEED :      123456789

    MD Step       E Total    E Potential      E Kinetic       Temp       Pres

         1    -46206.8846    -67395.3088     21188.4241     301.75   -2468.28
         2    -46191.1732    -67429.3723     21238.1991     302.46   -1621.93
         3    -46187.4547    -67503.8255     21316.3709     303.57    -333.39
         4    -46183.4632    -67558.0842     21374.6209     304.40     824.29
         5    -46194.3290    -67554.1880     21359.8590     304.19    1349.23
         6    -46188.9532    -67454.9574     21266.0042     302.85    1041.52
         7    -46181.0626    -67365.0637     21184.0010     301.69      20.94
         8    -46194.7540    -67361.3357     21166.5816     301.44   -1288.22
         9    -46189.0001    -67371.4850     21182.4849     301.66   -2287.55
        10    -46189.2264    -67337.2174     21147.9910     301.17   -2543.69
